# serializer version: 1
# name: test_view_structure
  dict({
    'data': dict({
      'table-question': dict({
        'form': 'table-form',
        'hidden': False,
        'label': 'Table Question',
        'value': list([
          dict({
            'table-question-1': dict({
              'hidden': False,
              'label': 'Question 1 in table',
              'value': 'row 1 value 1',
            }),
            'table-question-2': dict({
              'hidden': False,
              'label': 'Question 2 in table',
              'value': 'row 1 value 2',
            }),
          }),
          dict({
            'table-question-1': dict({
              'hidden': False,
              'label': 'Question 1 in table',
              'value': 'row 2 value 1',
            }),
            'table-question-2': dict({
              'hidden': False,
              'label': 'Question 2 in table',
              'value': 'row 2 value 2',
            }),
          }),
        ]),
      }),
      'text-question': dict({
        'hidden': False,
        'label': 'Text Question',
        'value': 'foo',
      }),
    }),
  })
# ---
