# serializer version: 1
# name: test_param_client
  dict({
    'data': dict({
      'parzellen': dict({
        'form': 'owner-car-kitchen',
        'hidden': False,
        'label': 'Suse Junk',
        'value': list([
          dict({
            'lagekoordinaten-nord': dict({
              'hidden': False,
              'label': 'Mechtild Kobelt MBA.',
              'value': 1228434.884375,
            }),
            'lagekoordinaten-ost': dict({
              'hidden': False,
              'label': 'Frau Isolde ZÃ¤nker MBA.',
              'value': 2607160.642708333,
            }),
          }),
        ]),
      }),
    }),
  })
# ---
