# serializer version: 1
# name: test_landowners_so
  list([
    'Powell, Lee and Jordan, Linda White',
    'Cynthia Hester',
    'Smith Group, Rodney Maldonado',
    'Austin Evans',
  ])
# ---
