# serializer version: 1
# name: test_record_loading_be[dossier_row_patch0-dossier_number-kt_bern-be_instance-False]
  '2020-1'
# ---
# name: test_record_loading_be[dossier_row_patch0-dossier_number-kt_bern-be_instance-True]
  None
# ---
# name: test_record_loading_be[dossier_row_patch1-dossier_number-kt_bern-be_instance-False]
  '2020-1'
# ---
# name: test_record_loading_be[dossier_row_patch1-dossier_number-kt_bern-be_instance-True]
  '2017-1'
# ---
# name: test_record_loading_be[dossier_row_patch10-submit_date-kt_bern-be_instance-False]
  datetime.datetime(2021, 12, 12, 0, 0)
# ---
# name: test_record_loading_be[dossier_row_patch10-submit_date-kt_bern-be_instance-True]
  datetime.datetime(2021, 12, 12, 0, 0)
# ---
# name: test_record_loading_be[dossier_row_patch11-publication_date-kt_bern-be_instance-False]
  datetime.date(2021, 12, 12)
# ---
# name: test_record_loading_be[dossier_row_patch11-publication_date-kt_bern-be_instance-True]
  datetime.date(2021, 12, 12)
# ---
# name: test_record_loading_be[dossier_row_patch12-construction_start_date-kt_bern-be_instance-False]
  datetime.date(2021, 12, 12)
# ---
# name: test_record_loading_be[dossier_row_patch12-construction_start_date-kt_bern-be_instance-True]
  datetime.date(2021, 12, 12)
# ---
# name: test_record_loading_be[dossier_row_patch13-profile_approval_date-kt_bern-be_instance-False]
  datetime.date(2021, 12, 12)
# ---
# name: test_record_loading_be[dossier_row_patch13-profile_approval_date-kt_bern-be_instance-True]
  datetime.date(2021, 12, 12)
# ---
# name: test_record_loading_be[dossier_row_patch14-decision_date-kt_bern-be_instance-False]
  datetime.date(2021, 12, 12)
# ---
# name: test_record_loading_be[dossier_row_patch14-decision_date-kt_bern-be_instance-True]
  datetime.date(2021, 12, 12)
# ---
# name: test_record_loading_be[dossier_row_patch15-final_approval_date-kt_bern-be_instance-False]
  datetime.date(2021, 12, 12)
# ---
# name: test_record_loading_be[dossier_row_patch15-final_approval_date-kt_bern-be_instance-True]
  datetime.date(2021, 12, 12)
# ---
# name: test_record_loading_be[dossier_row_patch16-completion_date-kt_bern-be_instance-False]
  datetime.date(2021, 12, 12)
# ---
# name: test_record_loading_be[dossier_row_patch16-completion_date-kt_bern-be_instance-True]
  datetime.date(2021, 12, 12)
# ---
# name: test_record_loading_be[dossier_row_patch17-applicants-kt_bern-be_instance-False]
  list([
    dict({
      'first_name': 'Willy',
      'is_juristic_person': True,
      'juristic_name': 'Chocolate Factory',
      'last_name': 'Wonka',
      'street': 'Candy Lane',
      'street_number': '13',
      'town': 'Wonderland',
      'zip': 1234,
    }),
  ])
# ---
# name: test_record_loading_be[dossier_row_patch17-applicants-kt_bern-be_instance-True]
  list([
    dict({
      'first_name': 'Willy',
      'is_juristic_person': True,
      'juristic_name': 'Chocolate Factory',
      'last_name': 'Wonka',
      'street': 'Candy Lane',
      'street_number': '13',
      'town': 'Wonderland',
      'zip': 1234,
    }),
  ])
# ---
# name: test_record_loading_be[dossier_row_patch18-landowners-kt_bern-be_instance-False]
  list([
    dict({
      'first_name': 'Willy',
      'is_juristic_person': True,
      'juristic_name': 'Chocolate Factory',
      'last_name': 'Wonka',
      'street': 'Candy Lane',
      'street_number': '13',
      'town': 'Wonderland',
      'zip': None,
    }),
  ])
# ---
# name: test_record_loading_be[dossier_row_patch18-landowners-kt_bern-be_instance-True]
  list([
    dict({
      'first_name': 'Willy',
      'is_juristic_person': True,
      'juristic_name': 'Chocolate Factory',
      'last_name': 'Wonka',
      'street': 'Candy Lane',
      'street_number': '13',
      'town': 'Wonderland',
      'zip': None,
    }),
  ])
# ---
# name: test_record_loading_be[dossier_row_patch19-project_authors-kt_bern-be_instance-False]
  list([
    dict({
      'first_name': 'Willy',
      'is_juristic_person': False,
      'juristic_name': None,
      'last_name': 'Wonka',
      'street': 'Candy Lane',
      'street_number': None,
      'town': 'Wonderland',
      'zip': None,
    }),
  ])
# ---
# name: test_record_loading_be[dossier_row_patch19-project_authors-kt_bern-be_instance-True]
  list([
    dict({
      'first_name': 'Willy',
      'is_juristic_person': False,
      'juristic_name': None,
      'last_name': 'Wonka',
      'street': 'Candy Lane',
      'street_number': None,
      'town': 'Wonderland',
      'zip': None,
    }),
  ])
# ---
# name: test_record_loading_be[dossier_row_patch2-dossier_number-kt_bern-be_instance-False]
  '2020-1'
# ---
# name: test_record_loading_be[dossier_row_patch2-dossier_number-kt_bern-be_instance-True]
  '2017-1'
# ---
# name: test_record_loading_be[dossier_row_patch20-project_authors-kt_bern-be_instance-False]
  list([
    dict({
      'first_name': 'Ulrich',
      'is_juristic_person': True,
      'juristic_name': 'Swisscom',
      'last_name': 'Kissling',
      'street': 'Gribschstrasse',
      'street_number': '3a',
      'town': 'Steinerberg',
      'zip': None,
    }),
  ])
# ---
# name: test_record_loading_be[dossier_row_patch20-project_authors-kt_bern-be_instance-True]
  list([
  ])
# ---
# name: test_record_loading_be[dossier_row_patch3-dossier_number-kt_bern-be_instance-False]
  '2020-1'
# ---
# name: test_record_loading_be[dossier_row_patch3-dossier_number-kt_bern-be_instance-True]
  '2020-1'
# ---
# name: test_record_loading_be[dossier_row_patch4-dossier_number-kt_bern-be_instance-False]
  '2020-1'
# ---
# name: test_record_loading_be[dossier_row_patch4-dossier_number-kt_bern-be_instance-True]
  '2017-1'
# ---
# name: test_record_loading_be[dossier_row_patch5-plot_data-kt_bern-be_instance-False]
  list([
    dict({
      'coord_east': 2710662.0,
      'coord_north': 1225997.0,
      'egrid_number': 'HK207838123456',
      'plot_number': '`123`',
    }),
    dict({
      'coord_east': None,
      'coord_north': None,
      'egrid_number': 'EGRIDDELLEY',
      'plot_number': '2BA',
    }),
  ])
# ---
# name: test_record_loading_be[dossier_row_patch5-plot_data-kt_bern-be_instance-True]
  list([
    dict({
      'coord_east': 2710662.0,
      'coord_north': 1225997.0,
      'egrid_number': 'HK207838123456',
      'plot_number': '`123`',
    }),
    dict({
      'coord_east': None,
      'coord_north': None,
      'egrid_number': 'EGRIDDELLEY',
      'plot_number': '2BA',
    }),
  ])
# ---
# name: test_record_loading_be[dossier_row_patch6-plot_data-kt_bern-be_instance-False]
  list([
    dict({
      'coord_east': None,
      'coord_north': None,
      'egrid_number': 'HK207838123456',
      'plot_number': '`123`',
    }),
    dict({
      'coord_east': None,
      'coord_north': None,
      'egrid_number': 'EGRIDDELLEY',
      'plot_number': '2BA',
    }),
  ])
# ---
# name: test_record_loading_be[dossier_row_patch6-plot_data-kt_bern-be_instance-True]
  list([
    dict({
      'coord_east': None,
      'coord_north': None,
      'egrid_number': 'HK207838123456',
      'plot_number': '`123`',
    }),
    dict({
      'coord_east': None,
      'coord_north': None,
      'egrid_number': 'EGRIDDELLEY',
      'plot_number': '2BA',
    }),
  ])
# ---
# name: test_record_loading_be[dossier_row_patch7-plot_data-kt_bern-be_instance-False]
  list([
    dict({
      'coord_east': 2710662.0,
      'coord_north': 1225997.0,
      'egrid_number': 'HK207838123456',
      'plot_number': '`123`',
    }),
    dict({
      'coord_east': None,
      'coord_north': None,
      'egrid_number': 'None',
      'plot_number': '2BA',
    }),
  ])
# ---
# name: test_record_loading_be[dossier_row_patch7-plot_data-kt_bern-be_instance-True]
  list([
    dict({
      'coord_east': 2710662.0,
      'coord_north': 1225997.0,
      'egrid_number': 'HK207838123456',
      'plot_number': '`123`',
    }),
    dict({
      'coord_east': None,
      'coord_north': None,
      'egrid_number': 'None',
      'plot_number': '2BA',
    }),
  ])
# ---
# name: test_record_loading_be[dossier_row_patch8-application_type-kt_bern-be_instance-False]
  'Baugesuch'
# ---
# name: test_record_loading_be[dossier_row_patch8-application_type-kt_bern-be_instance-True]
  'Baugesuch'
# ---
# name: test_record_loading_be[dossier_row_patch9-street-kt_bern-be_instance-False]
  'MeanstreetMeanstreetMeanstreetMeanstreetMeanstreetMeanstr...'
# ---
# name: test_record_loading_be[dossier_row_patch9-street-kt_bern-be_instance-True]
  'MeanstreetMeanstreetMeanstreetMeanstreetMeanstreetMeanstr...'
# ---
# name: test_record_loading_so[dossier_row_patch0-dossier_number-kt_so-so_instance-False]
  None
# ---
# name: test_record_loading_so[dossier_row_patch0-dossier_number-kt_so-so_instance-True]
  None
# ---
# name: test_record_loading_so[dossier_row_patch1-plot_data-kt_so-so_instance-False]
  list([
    dict({
      'coord_east': 2710662.0,
      'coord_north': 1225997.0,
      'egrid_number': 'HK207838123456',
      'plot_number': '`123`',
      'zip': None,
    }),
    dict({
      'coord_east': None,
      'coord_north': None,
      'egrid_number': 'EGRIDDELLEY',
      'plot_number': '2BA',
      'zip': None,
    }),
  ])
# ---
# name: test_record_loading_so[dossier_row_patch1-plot_data-kt_so-so_instance-True]
  list([
    dict({
      'coord_east': 2710662.0,
      'coord_north': 1225997.0,
      'egrid_number': 'HK207838123456',
      'plot_number': '`123`',
      'zip': None,
    }),
    dict({
      'coord_east': None,
      'coord_north': None,
      'egrid_number': 'EGRIDDELLEY',
      'plot_number': '2BA',
      'zip': None,
    }),
  ])
# ---
# name: test_record_loading_so[dossier_row_patch10-decision_date-kt_so-so_instance-False]
  None
# ---
# name: test_record_loading_so[dossier_row_patch10-decision_date-kt_so-so_instance-True]
  None
# ---
# name: test_record_loading_so[dossier_row_patch11-final_approval_date-kt_so-so_instance-False]
  datetime.date(2021, 12, 12)
# ---
# name: test_record_loading_so[dossier_row_patch11-final_approval_date-kt_so-so_instance-True]
  datetime.date(2021, 12, 12)
# ---
# name: test_record_loading_so[dossier_row_patch12-completion_date-kt_so-so_instance-False]
  datetime.date(2021, 12, 12)
# ---
# name: test_record_loading_so[dossier_row_patch12-completion_date-kt_so-so_instance-True]
  datetime.date(2021, 12, 12)
# ---
# name: test_record_loading_so[dossier_row_patch13-applicants-kt_so-so_instance-False]
  list([
    dict({
      'country': None,
      'email': 'candy@example.com',
      'first_name': 'Willy',
      'has_representative': None,
      'is_juristic_person': True,
      'juristic_name': 'Chocolate Factory',
      'last_name': 'Wonka',
      'po_box': None,
      'representative_country': None,
      'representative_email': None,
      'representative_first_name': None,
      'representative_is_juristic_person': None,
      'representative_juristic_name': None,
      'representative_last_name': None,
      'representative_po_box': None,
      'representative_salutation': None,
      'representative_street': None,
      'representative_street_number': None,
      'representative_tel': None,
      'representative_title': None,
      'representative_town': None,
      'representative_zip': None,
      'salutation': None,
      'street': 'Candy Lane',
      'street_number': '13',
      'tel': '+1 101 10 01 101',
      'title': None,
      'town': 'Wonderland',
      'zip': '1234',
    }),
  ])
# ---
# name: test_record_loading_so[dossier_row_patch13-applicants-kt_so-so_instance-True]
  list([
    dict({
      'country': None,
      'email': 'candy@example.com',
      'first_name': 'Willy',
      'has_representative': None,
      'is_juristic_person': True,
      'juristic_name': 'Chocolate Factory',
      'last_name': 'Wonka',
      'po_box': None,
      'representative_country': None,
      'representative_email': None,
      'representative_first_name': None,
      'representative_is_juristic_person': None,
      'representative_juristic_name': None,
      'representative_last_name': None,
      'representative_po_box': None,
      'representative_salutation': None,
      'representative_street': None,
      'representative_street_number': None,
      'representative_tel': None,
      'representative_title': None,
      'representative_town': None,
      'representative_zip': None,
      'salutation': None,
      'street': 'Candy Lane',
      'street_number': '13',
      'tel': '+1 101 10 01 101',
      'title': None,
      'town': 'Wonderland',
      'zip': '1234',
    }),
  ])
# ---
# name: test_record_loading_so[dossier_row_patch14-landowners-kt_so-so_instance-False]
  list([
    dict({
      'country': None,
      'email': 'candy@example.com',
      'first_name': 'Willy',
      'has_representative': None,
      'is_juristic_person': True,
      'juristic_name': 'Chocolate Factory',
      'last_name': 'Wonka',
      'po_box': None,
      'representative_country': None,
      'representative_email': None,
      'representative_first_name': None,
      'representative_is_juristic_person': None,
      'representative_juristic_name': None,
      'representative_last_name': None,
      'representative_po_box': None,
      'representative_salutation': None,
      'representative_street': None,
      'representative_street_number': None,
      'representative_tel': None,
      'representative_title': None,
      'representative_town': None,
      'representative_zip': None,
      'salutation': None,
      'street': 'Candy Lane',
      'street_number': '13',
      'tel': '+1 101 10 01 101',
      'title': None,
      'town': 'Wonderland',
      'zip': '1234',
    }),
  ])
# ---
# name: test_record_loading_so[dossier_row_patch14-landowners-kt_so-so_instance-True]
  list([
    dict({
      'country': None,
      'email': 'candy@example.com',
      'first_name': 'Willy',
      'has_representative': None,
      'is_juristic_person': True,
      'juristic_name': 'Chocolate Factory',
      'last_name': 'Wonka',
      'po_box': None,
      'representative_country': None,
      'representative_email': None,
      'representative_first_name': None,
      'representative_is_juristic_person': None,
      'representative_juristic_name': None,
      'representative_last_name': None,
      'representative_po_box': None,
      'representative_salutation': None,
      'representative_street': None,
      'representative_street_number': None,
      'representative_tel': None,
      'representative_title': None,
      'representative_town': None,
      'representative_zip': None,
      'salutation': None,
      'street': 'Candy Lane',
      'street_number': '13',
      'tel': '+1 101 10 01 101',
      'title': None,
      'town': 'Wonderland',
      'zip': '1234',
    }),
  ])
# ---
# name: test_record_loading_so[dossier_row_patch15-project_authors-kt_so-so_instance-False]
  list([
    dict({
      'country': None,
      'email': 'candy@example.com',
      'first_name': 'Willy',
      'has_representative': None,
      'is_juristic_person': False,
      'juristic_name': None,
      'last_name': 'Wonka',
      'po_box': None,
      'representative_country': None,
      'representative_email': None,
      'representative_first_name': None,
      'representative_is_juristic_person': None,
      'representative_juristic_name': None,
      'representative_last_name': None,
      'representative_po_box': None,
      'representative_salutation': None,
      'representative_street': None,
      'representative_street_number': None,
      'representative_tel': None,
      'representative_title': None,
      'representative_town': None,
      'representative_zip': None,
      'salutation': None,
      'street': 'Candy Lane',
      'street_number': None,
      'tel': '+1 101 10 01 101',
      'title': None,
      'town': 'Wonderland',
      'zip': '1234',
    }),
  ])
# ---
# name: test_record_loading_so[dossier_row_patch15-project_authors-kt_so-so_instance-True]
  list([
    dict({
      'country': None,
      'email': 'candy@example.com',
      'first_name': 'Willy',
      'has_representative': None,
      'is_juristic_person': False,
      'juristic_name': None,
      'last_name': 'Wonka',
      'po_box': None,
      'representative_country': None,
      'representative_email': None,
      'representative_first_name': None,
      'representative_is_juristic_person': None,
      'representative_juristic_name': None,
      'representative_last_name': None,
      'representative_po_box': None,
      'representative_salutation': None,
      'representative_street': None,
      'representative_street_number': None,
      'representative_tel': None,
      'representative_title': None,
      'representative_town': None,
      'representative_zip': None,
      'salutation': None,
      'street': 'Candy Lane',
      'street_number': None,
      'tel': '+1 101 10 01 101',
      'title': None,
      'town': 'Wonderland',
      'zip': '1234',
    }),
  ])
# ---
# name: test_record_loading_so[dossier_row_patch16-project_authors-kt_so-so_instance-False]
  list([
    dict({
      'country': None,
      'email': 'urlichkissling@example.com',
      'first_name': 'Ulrich',
      'has_representative': None,
      'is_juristic_person': True,
      'juristic_name': 'Swisscom',
      'last_name': 'Kissling',
      'po_box': None,
      'representative_country': None,
      'representative_email': None,
      'representative_first_name': None,
      'representative_is_juristic_person': None,
      'representative_juristic_name': None,
      'representative_last_name': None,
      'representative_po_box': None,
      'representative_salutation': None,
      'representative_street': None,
      'representative_street_number': None,
      'representative_tel': None,
      'representative_title': None,
      'representative_town': None,
      'representative_zip': None,
      'salutation': None,
      'street': 'Gribschstrasse',
      'street_number': '3a',
      'tel': '0771234123',
      'title': None,
      'town': 'Steinerberg',
      'zip': None,
    }),
  ])
# ---
# name: test_record_loading_so[dossier_row_patch16-project_authors-kt_so-so_instance-True]
  list([
  ])
# ---
# name: test_record_loading_so[dossier_row_patch2-plot_data-kt_so-so_instance-False]
  list([
    dict({
      'coord_east': None,
      'coord_north': None,
      'egrid_number': 'HK207838123456',
      'plot_number': '`123`',
      'zip': None,
    }),
    dict({
      'coord_east': None,
      'coord_north': None,
      'egrid_number': 'EGRIDDELLEY',
      'plot_number': '2BA',
      'zip': None,
    }),
  ])
# ---
# name: test_record_loading_so[dossier_row_patch2-plot_data-kt_so-so_instance-True]
  list([
    dict({
      'coord_east': None,
      'coord_north': None,
      'egrid_number': 'HK207838123456',
      'plot_number': '`123`',
      'zip': None,
    }),
    dict({
      'coord_east': None,
      'coord_north': None,
      'egrid_number': 'EGRIDDELLEY',
      'plot_number': '2BA',
      'zip': None,
    }),
  ])
# ---
# name: test_record_loading_so[dossier_row_patch3-plot_data-kt_so-so_instance-False]
  list([
    dict({
      'coord_east': 2710662.0,
      'coord_north': 1225997.0,
      'egrid_number': 'HK207838123456',
      'plot_number': '`123`',
      'zip': None,
    }),
    dict({
      'coord_east': None,
      'coord_north': None,
      'egrid_number': 'None',
      'plot_number': '2BA',
      'zip': None,
    }),
  ])
# ---
# name: test_record_loading_so[dossier_row_patch3-plot_data-kt_so-so_instance-True]
  list([
    dict({
      'coord_east': 2710662.0,
      'coord_north': 1225997.0,
      'egrid_number': 'HK207838123456',
      'plot_number': '`123`',
      'zip': None,
    }),
    dict({
      'coord_east': None,
      'coord_north': None,
      'egrid_number': 'None',
      'plot_number': '2BA',
      'zip': None,
    }),
  ])
# ---
# name: test_record_loading_so[dossier_row_patch4-application_type-kt_so-so_instance-False]
  'Baugesuch'
# ---
# name: test_record_loading_so[dossier_row_patch4-application_type-kt_so-so_instance-True]
  'Baugesuch'
# ---
# name: test_record_loading_so[dossier_row_patch5-street-kt_so-so_instance-False]
  'MeanstreetMeanstreetMeanstreetMeanstreetMeanstreetMeanstreetMeanstreetMeanstreetMeanstreet'
# ---
# name: test_record_loading_so[dossier_row_patch5-street-kt_so-so_instance-True]
  'MeanstreetMeanstreetMeanstreetMeanstreetMeanstreetMeanstreetMeanstreetMeanstreetMeanstreet'
# ---
# name: test_record_loading_so[dossier_row_patch6-submit_date-kt_so-so_instance-False]
  datetime.datetime(2021, 12, 12, 0, 0)
# ---
# name: test_record_loading_so[dossier_row_patch6-submit_date-kt_so-so_instance-True]
  datetime.datetime(2021, 12, 12, 0, 0)
# ---
# name: test_record_loading_so[dossier_row_patch7-publication_date-kt_so-so_instance-False]
  datetime.date(2021, 12, 12)
# ---
# name: test_record_loading_so[dossier_row_patch7-publication_date-kt_so-so_instance-True]
  datetime.date(2021, 12, 12)
# ---
# name: test_record_loading_so[dossier_row_patch8-construction_start_date-kt_so-so_instance-False]
  datetime.date(2021, 12, 12)
# ---
# name: test_record_loading_so[dossier_row_patch8-construction_start_date-kt_so-so_instance-True]
  datetime.date(2021, 12, 12)
# ---
# name: test_record_loading_so[dossier_row_patch9-profile_approval_date-kt_so-so_instance-False]
  datetime.date(2021, 12, 12)
# ---
# name: test_record_loading_so[dossier_row_patch9-profile_approval_date-kt_so-so_instance-True]
  datetime.date(2021, 12, 12)
# ---
# name: test_record_loading_sz[dossier_row_patch0-coordinates-kt_schwyz-sz_instance-False]
  list([
    dict({
      'lat': 47.175669937318816,
      'lng': 8.8984885140077,
    }),
  ])
# ---
# name: test_record_loading_sz[dossier_row_patch0-coordinates-kt_schwyz-sz_instance-True]
  list([
    dict({
      'lat': 47.175669937318816,
      'lng': 8.8984885140077,
    }),
  ])
# ---
# name: test_record_loading_sz[dossier_row_patch1-plot_data-kt_schwyz-sz_instance-False]
  list([
    dict({
      'egrid_number': 'HK207838123456',
      'plot_number': '123',
    }),
    dict({
      'egrid_number': 'EGRIDDELLEY',
      'plot_number': '2BA',
    }),
  ])
# ---
# name: test_record_loading_sz[dossier_row_patch1-plot_data-kt_schwyz-sz_instance-True]
  list([
    dict({
      'egrid_number': 'HK207838123456',
      'plot_number': '123',
    }),
    dict({
      'egrid_number': 'EGRIDDELLEY',
      'plot_number': '2BA',
    }),
  ])
# ---
# name: test_record_loading_sz[dossier_row_patch10-completion_date-kt_schwyz-sz_instance-False]
  datetime.date(2021, 12, 12)
# ---
# name: test_record_loading_sz[dossier_row_patch10-completion_date-kt_schwyz-sz_instance-True]
  datetime.date(2021, 12, 12)
# ---
# name: test_record_loading_sz[dossier_row_patch11-applicants-kt_schwyz-sz_instance-False]
  list([
    dict({
      'company': 'Chocolate Factory',
      'country': 'Schweiz',
      'email': 'candy@example.com',
      'first_name': 'Willy',
      'is_juristic_person': None,
      'juristic_name': 'Chocolate Factory',
      'last_name': 'Wonka',
      'phone': '+1 101 10 01 101',
      'street': 'Candy Lane 13',
      'town': 'Wonderland',
      'zip': 1234,
    }),
  ])
# ---
# name: test_record_loading_sz[dossier_row_patch11-applicants-kt_schwyz-sz_instance-True]
  list([
    dict({
      'company': 'Chocolate Factory',
      'country': 'Schweiz',
      'email': 'candy@example.com',
      'first_name': 'Willy',
      'is_juristic_person': None,
      'juristic_name': 'Chocolate Factory',
      'last_name': 'Wonka',
      'phone': '+1 101 10 01 101',
      'street': 'Candy Lane 13',
      'town': 'Wonderland',
      'zip': 1234,
    }),
  ])
# ---
# name: test_record_loading_sz[dossier_row_patch12-landowners-kt_schwyz-sz_instance-False]
  list([
    dict({
      'company': 'Chocolate Factory',
      'country': 'Schweiz',
      'email': 'candy@example.com',
      'first_name': 'Willy',
      'is_juristic_person': None,
      'juristic_name': 'Chocolate Factory',
      'last_name': 'Wonka',
      'phone': '+1 101 10 01 101',
      'street': 'Candy Lane 13',
      'town': 'Wonderland',
      'zip': '1234',
    }),
  ])
# ---
# name: test_record_loading_sz[dossier_row_patch12-landowners-kt_schwyz-sz_instance-True]
  list([
    dict({
      'company': 'Chocolate Factory',
      'country': 'Schweiz',
      'email': 'candy@example.com',
      'first_name': 'Willy',
      'is_juristic_person': None,
      'juristic_name': 'Chocolate Factory',
      'last_name': 'Wonka',
      'phone': '+1 101 10 01 101',
      'street': 'Candy Lane 13',
      'town': 'Wonderland',
      'zip': '1234',
    }),
  ])
# ---
# name: test_record_loading_sz[dossier_row_patch13-project_authors-kt_schwyz-sz_instance-False]
  list([
    dict({
      'company': None,
      'country': 'Schweiz',
      'email': 'candy@example.com',
      'first_name': 'Willy',
      'is_juristic_person': None,
      'juristic_name': None,
      'last_name': 'Wonka',
      'phone': '+1 101 10 01 101',
      'street': 'Candy Lane',
      'town': 'Wonderland',
      'zip': '1234',
    }),
  ])
# ---
# name: test_record_loading_sz[dossier_row_patch13-project_authors-kt_schwyz-sz_instance-True]
  list([
    dict({
      'company': None,
      'country': 'Schweiz',
      'email': 'candy@example.com',
      'first_name': 'Willy',
      'is_juristic_person': None,
      'juristic_name': None,
      'last_name': 'Wonka',
      'phone': '+1 101 10 01 101',
      'street': 'Candy Lane',
      'town': 'Wonderland',
      'zip': '1234',
    }),
  ])
# ---
# name: test_record_loading_sz[dossier_row_patch14-project_authors-kt_schwyz-sz_instance-False]
  list([
    dict({
      'company': 'Swisscom',
      'country': 'Schweiz',
      'email': 'urlichkissling@example.com',
      'first_name': 'Ulrich',
      'is_juristic_person': None,
      'juristic_name': 'Swisscom',
      'last_name': 'Kissling',
      'phone': '0771234123',
      'street': 'Gribschstrasse 3a',
      'town': 'Steinerberg',
      'zip': None,
    }),
  ])
# ---
# name: test_record_loading_sz[dossier_row_patch14-project_authors-kt_schwyz-sz_instance-True]
  list([
  ])
# ---
# name: test_record_loading_sz[dossier_row_patch2-completion_date-kt_schwyz-sz_instance-False]
  datetime.date(2021, 12, 12)
# ---
# name: test_record_loading_sz[dossier_row_patch2-completion_date-kt_schwyz-sz_instance-True]
  datetime.date(2021, 12, 12)
# ---
# name: test_record_loading_sz[dossier_row_patch3-street-kt_schwyz-sz_instance-False]
  'MeanstreetMeanstreetMeanstreetMeanstreetMeanstreetMeanstreetMeanstreetMeanstreetMeanstreet 3a'
# ---
# name: test_record_loading_sz[dossier_row_patch3-street-kt_schwyz-sz_instance-True]
  'MeanstreetMeanstreetMeanstreetMeanstreetMeanstreetMeanstreetMeanstreetMeanstreetMeanstreet 3a'
# ---
# name: test_record_loading_sz[dossier_row_patch4-submit_date-kt_schwyz-sz_instance-False]
  datetime.datetime(2021, 12, 12, 11, 0, tzinfo=datetime.timezone.utc)
# ---
# name: test_record_loading_sz[dossier_row_patch4-submit_date-kt_schwyz-sz_instance-True]
  datetime.datetime(2021, 12, 12, 11, 0, tzinfo=datetime.timezone.utc)
# ---
# name: test_record_loading_sz[dossier_row_patch5-publication_date-kt_schwyz-sz_instance-False]
  datetime.datetime(2021, 12, 12, 11, 0, tzinfo=datetime.timezone.utc)
# ---
# name: test_record_loading_sz[dossier_row_patch5-publication_date-kt_schwyz-sz_instance-True]
  datetime.datetime(2021, 12, 12, 11, 0, tzinfo=datetime.timezone.utc)
# ---
# name: test_record_loading_sz[dossier_row_patch6-construction_start_date-kt_schwyz-sz_instance-False]
  datetime.date(2021, 12, 12)
# ---
# name: test_record_loading_sz[dossier_row_patch6-construction_start_date-kt_schwyz-sz_instance-True]
  datetime.date(2021, 12, 12)
# ---
# name: test_record_loading_sz[dossier_row_patch7-profile_approval_date-kt_schwyz-sz_instance-False]
  datetime.date(2021, 12, 12)
# ---
# name: test_record_loading_sz[dossier_row_patch7-profile_approval_date-kt_schwyz-sz_instance-True]
  datetime.date(2021, 12, 12)
# ---
# name: test_record_loading_sz[dossier_row_patch8-decision_date-kt_schwyz-sz_instance-False]
  datetime.date(2021, 12, 12)
# ---
# name: test_record_loading_sz[dossier_row_patch8-decision_date-kt_schwyz-sz_instance-True]
  datetime.date(2021, 12, 12)
# ---
# name: test_record_loading_sz[dossier_row_patch9-final_approval_date-kt_schwyz-sz_instance-False]
  datetime.date(2021, 12, 12)
# ---
# name: test_record_loading_sz[dossier_row_patch9-final_approval_date-kt_schwyz-sz_instance-True]
  datetime.date(2021, 12, 12)
# ---
# name: test_validation[zip-archive-xlsx-import-example-validation-errors.zip-None-None-False]
  list([
    dict({
      'details': list([
        dict({
          'code': 'date-field-validation-error',
          'detail': 'not-a-date',
          'field': 'SUBMIT-DATE',
          'level': 3,
        }),
        dict({
          'code': 'date-field-validation-error',
          'detail': 'not-a-date',
          'field': 'PUBLICATION-DATE',
          'level': 3,
        }),
        dict({
          'code': 'date-field-validation-error',
          'detail': 'not-a-date',
          'field': 'DECISION-DATE',
          'level': 3,
        }),
        dict({
          'code': 'date-field-validation-error',
          'detail': 'not-a-date',
          'field': 'CONSTRUCTION-START-DATE',
          'level': 3,
        }),
        dict({
          'code': 'date-field-validation-error',
          'detail': 'not-a-date',
          'field': 'PROFILE-APPROVAL-DATE',
          'level': 3,
        }),
        dict({
          'code': 'date-field-validation-error',
          'detail': 'not-a-date',
          'field': 'FINAL-APPROVAL-DATE',
          'level': 3,
        }),
        dict({
          'code': 'date-field-validation-error',
          'detail': 'not-a-date',
          'field': 'COMPLETION-DATE',
          'level': 3,
        }),
      ]),
      'dossier_id': '2017-84',
      'status': 'success',
    }),
    dict({
      'details': list([
        dict({
          'code': 'status-choice-validation-error',
          'detail': 'DONKED',
          'field': 'STATUS',
          'level': 3,
        }),
      ]),
      'dossier_id': '2017-86',
      'status': 'success',
    }),
    dict({
      'details': list([
        dict({
          'code': 'missing-required-field-error',
          'detail': None,
          'field': 'STATUS',
          'level': 3,
        }),
      ]),
      'dossier_id': '2017-87',
      'status': 'success',
    }),
    dict({
      'details': list([
        dict({
          'code': 'missing-required-field-error',
          'detail': None,
          'field': 'SUBMIT-DATE',
          'level': 3,
        }),
      ]),
      'dossier_id': 9,
      'status': 'success',
    }),
  ])
# ---
# name: test_validation[zip-archive-xlsx-import-example-validation-errors.zip-None-None-instance]
  list([
    dict({
      'details': list([
        dict({
          'code': 'update-dossier',
          'detail': '2017-84',
          'field': 'ID',
          'level': 2,
        }),
        dict({
          'code': 'update-dossier',
          'detail': 'Der Wert SUBMITTED wird beim Re-Import des Dossiers ignoriert.',
          'field': 'STATUS',
          'level': 1,
        }),
        dict({
          'code': 'date-field-validation-error',
          'detail': 'not-a-date',
          'field': 'SUBMIT-DATE',
          'level': 3,
        }),
        dict({
          'code': 'date-field-validation-error',
          'detail': 'not-a-date',
          'field': 'PUBLICATION-DATE',
          'level': 3,
        }),
        dict({
          'code': 'date-field-validation-error',
          'detail': 'not-a-date',
          'field': 'DECISION-DATE',
          'level': 3,
        }),
        dict({
          'code': 'date-field-validation-error',
          'detail': 'not-a-date',
          'field': 'CONSTRUCTION-START-DATE',
          'level': 3,
        }),
        dict({
          'code': 'date-field-validation-error',
          'detail': 'not-a-date',
          'field': 'PROFILE-APPROVAL-DATE',
          'level': 3,
        }),
        dict({
          'code': 'date-field-validation-error',
          'detail': 'not-a-date',
          'field': 'FINAL-APPROVAL-DATE',
          'level': 3,
        }),
        dict({
          'code': 'date-field-validation-error',
          'detail': 'not-a-date',
          'field': 'COMPLETION-DATE',
          'level': 3,
        }),
      ]),
      'dossier_id': '2017-84',
      'status': 'success',
    }),
    dict({
      'details': list([
        dict({
          'code': 'update-dossier',
          'detail': '2017-86',
          'field': 'ID',
          'level': 2,
        }),
        dict({
          'code': 'update-dossier',
          'detail': 'Der Wert DONKED wird beim Re-Import des Dossiers ignoriert.',
          'field': 'STATUS',
          'level': 1,
        }),
      ]),
      'dossier_id': '2017-86',
      'status': 'success',
    }),
    dict({
      'details': list([
        dict({
          'code': 'update-dossier',
          'detail': '2017-87',
          'field': 'ID',
          'level': 2,
        }),
      ]),
      'dossier_id': '2017-87',
      'status': 'success',
    }),
    dict({
      'details': list([
        dict({
          'code': 'update-dossier',
          'detail': '2017-88',
          'field': 'ID',
          'level': 2,
        }),
        dict({
          'code': 'update-dossier',
          'detail': 'Der Wert SUBMITTED wird beim Re-Import des Dossiers ignoriert.',
          'field': 'STATUS',
          'level': 1,
        }),
      ]),
      'dossier_id': '2017-88',
      'status': 'success',
    }),
    dict({
      'details': list([
        dict({
          'code': 'update-dossier',
          'detail': 9,
          'field': 'ID',
          'level': 2,
        }),
        dict({
          'code': 'update-dossier',
          'detail': 'Der Wert SUBMITTED wird beim Re-Import des Dossiers ignoriert.',
          'field': 'STATUS',
          'level': 1,
        }),
      ]),
      'dossier_id': 9,
      'status': 'success',
    }),
  ])
# ---
