# serializer version: 1
# name: test_send_work_item_reminders[False-False-True-False-False-False-0-False]
  list([
  ])
# ---
# name: test_send_work_item_reminders[False-False-True-False-False-False-0-True]
  list([
  ])
# ---
# name: test_send_work_item_reminders[False-True-False-False-False-False-1-False]
  list([
    tuple(
      'Erinnerung an Aufgaben',
      '''
        Guten Tag
        
        Ihre Organisation (Jeffrey Zhang) hat folgende Aufgaben in eBau, welche Aufmerksamkeit benötigen:
        
        - 0 überfällige Aufgaben
        - 1 ungelesene Aufgabe
        - 0 überfällige Controlling-Aufgaben
        
        http://ebau.local
        
        Diese E-Mail wurde automatisch generiert, bitte antworten Sie nicht darauf.
  
      ''',
      list([
        'nicolefields@example.com',
      ]),
      list([
      ]),
    ),
  ])
# ---
# name: test_send_work_item_reminders[False-True-False-False-False-False-1-True]
  list([
    tuple(
      'Erinnerung an Aufgaben / Rappel des tâches',
      '''
        Guten Tag
        
        Ihre Organisation (Sarah Santiago) hat folgende Aufgaben in eBau, welche Aufmerksamkeit benötigen:
        
        - 0 überfällige Aufgaben
        - 1 ungelesene Aufgabe
        - 0 überfällige Controlling-Aufgaben
        
        http://ebau.local
        
        Diese E-Mail wurde automatisch generiert, bitte antworten Sie nicht darauf.
        
        *** version française ***
        
        Bonjour,
        
        Votre organisation (Derek Wagner) a les tâches suivantes dans eBau qui requièrent une attention particulière :
        
        - 0 tâches de contrôle en retard
        - 1 tâche de contrôle non lue
        - 0 tâches en retard
        
        http://ebau.local
        
        Ce message a été généré automatiquement, veuillez ne pas y répondre.
  
      ''',
      list([
        'nicolefields@example.com',
      ]),
      list([
      ]),
    ),
  ])
# ---
# name: test_send_work_item_reminders[False-True-True-False-True-False-3-False]
  list([
    tuple(
      'Erinnerung an Aufgaben',
      '''
        Guten Tag Rebecca Gonzalez
        
        Sie haben folgende Aufgaben in eBau, welche Ihre Aufmerksamkeit benötigen:
        
        - 0 überfällige Aufgaben
        - 1 ungelesene Aufgabe
        
        http://ebau.local
        
        Diese E-Mail wurde automatisch generiert, bitte antworten Sie nicht darauf.
  
      ''',
      list([
        'fmalone@example.org',
      ]),
      list([
      ]),
    ),
    tuple(
      'Erinnerung an Aufgaben',
      '''
        Guten Tag
        
        Ihre Organisation (Jeffrey Zhang) hat folgende Aufgaben in eBau, welche Aufmerksamkeit benötigen:
        
        - 0 überfällige Aufgaben
        - 1 ungelesene Aufgabe
        - 0 überfällige Controlling-Aufgaben
        
        http://ebau.local
        
        Diese E-Mail wurde automatisch generiert, bitte antworten Sie nicht darauf.
  
      ''',
      list([
        'nicolefields@example.com',
      ]),
      list([
      ]),
    ),
    tuple(
      'Erinnerung an Aufgaben',
      '''
        Guten Tag
        
        Ihre Organisation (Jeffrey Zhang) hat folgende Aufgaben in eBau, welche Aufmerksamkeit benötigen:
        
        - 0 überfällige Aufgaben
        - 1 ungelesene Aufgabe
        - 0 überfällige Controlling-Aufgaben
        
        http://ebau.local
        
        Diese E-Mail wurde automatisch generiert, bitte antworten Sie nicht darauf.
  
      ''',
      list([
        'foo@bar.com',
      ]),
      list([
      ]),
    ),
  ])
# ---
# name: test_send_work_item_reminders[False-True-True-False-True-False-3-True]
  list([
    tuple(
      'Erinnerung an Aufgaben / Rappel des tâches',
      '''
        Guten Tag Rebecca Gonzalez
        
        Sie haben folgende Aufgaben in eBau, welche Ihre Aufmerksamkeit benötigen:
        
        - 0 überfällige Aufgaben
        - 1 ungelesene Aufgabe
        
        http://ebau.local
        
        Diese E-Mail wurde automatisch generiert, bitte antworten Sie nicht darauf.
        
        *** version française ***
        
        Bonjour Rebecca Gonzalez,
        
        Vous avez les tâches suivantes dans eBau qui requièrent votre attention :
        
        - 0 tâches de contrôle en retard
        - 1 tâche de contrôle non lue
        
        http://ebau.local
        
        Ce message a été généré automatiquement, veuillez ne pas y répondre.
  
      ''',
      list([
        'fmalone@example.org',
      ]),
      list([
      ]),
    ),
    tuple(
      'Erinnerung an Aufgaben / Rappel des tâches',
      '''
        Guten Tag
        
        Ihre Organisation (Sarah Santiago) hat folgende Aufgaben in eBau, welche Aufmerksamkeit benötigen:
        
        - 0 überfällige Aufgaben
        - 1 ungelesene Aufgabe
        - 0 überfällige Controlling-Aufgaben
        
        http://ebau.local
        
        Diese E-Mail wurde automatisch generiert, bitte antworten Sie nicht darauf.
        
        *** version française ***
        
        Bonjour,
        
        Votre organisation (Derek Wagner) a les tâches suivantes dans eBau qui requièrent une attention particulière :
        
        - 0 tâches de contrôle en retard
        - 1 tâche de contrôle non lue
        - 0 tâches en retard
        
        http://ebau.local
        
        Ce message a été généré automatiquement, veuillez ne pas y répondre.
  
      ''',
      list([
        'nicolefields@example.com',
      ]),
      list([
      ]),
    ),
    tuple(
      'Erinnerung an Aufgaben / Rappel des tâches',
      '''
        Guten Tag
        
        Ihre Organisation (Sarah Santiago) hat folgende Aufgaben in eBau, welche Aufmerksamkeit benötigen:
        
        - 0 überfällige Aufgaben
        - 1 ungelesene Aufgabe
        - 0 überfällige Controlling-Aufgaben
        
        http://ebau.local
        
        Diese E-Mail wurde automatisch generiert, bitte antworten Sie nicht darauf.
        
        *** version française ***
        
        Bonjour,
        
        Votre organisation (Derek Wagner) a les tâches suivantes dans eBau qui requièrent une attention particulière :
        
        - 0 tâches de contrôle en retard
        - 1 tâche de contrôle non lue
        - 0 tâches en retard
        
        http://ebau.local
        
        Ce message a été généré automatiquement, veuillez ne pas y répondre.
  
      ''',
      list([
        'foo@bar.com',
      ]),
      list([
      ]),
    ),
  ])
# ---
# name: test_send_work_item_reminders[True-False-True-False-False-False-2-False]
  list([
    tuple(
      'Erinnerung an Aufgaben',
      '''
        Guten Tag Rebecca Gonzalez
        
        Sie haben folgende Aufgaben in eBau, welche Ihre Aufmerksamkeit benötigen:
        
        - 1 überfällige Aufgabe
        - 0 ungelesene Aufgaben
        
        http://ebau.local
        
        Diese E-Mail wurde automatisch generiert, bitte antworten Sie nicht darauf.
  
      ''',
      list([
        'fmalone@example.org',
      ]),
      list([
      ]),
    ),
    tuple(
      'Erinnerung an Aufgaben',
      '''
        Guten Tag
        
        Ihre Organisation (Jeffrey Zhang) hat folgende Aufgaben in eBau, welche Aufmerksamkeit benötigen:
        
        - 1 überfällige Aufgabe
        - 0 ungelesene Aufgaben
        - 0 überfällige Controlling-Aufgaben
        
        http://ebau.local
        
        Diese E-Mail wurde automatisch generiert, bitte antworten Sie nicht darauf.
  
      ''',
      list([
        'nicolefields@example.com',
      ]),
      list([
      ]),
    ),
  ])
# ---
# name: test_send_work_item_reminders[True-False-True-False-False-False-2-True]
  list([
    tuple(
      'Erinnerung an Aufgaben / Rappel des tâches',
      '''
        Guten Tag Rebecca Gonzalez
        
        Sie haben folgende Aufgaben in eBau, welche Ihre Aufmerksamkeit benötigen:
        
        - 1 überfällige Aufgabe
        - 0 ungelesene Aufgaben
        
        http://ebau.local
        
        Diese E-Mail wurde automatisch generiert, bitte antworten Sie nicht darauf.
        
        *** version française ***
        
        Bonjour Rebecca Gonzalez,
        
        Vous avez les tâches suivantes dans eBau qui requièrent votre attention :
        
        - 1 tâche de contrôle en retard
        - 0 tâches de contrôle non lues
        
        http://ebau.local
        
        Ce message a été généré automatiquement, veuillez ne pas y répondre.
  
      ''',
      list([
        'fmalone@example.org',
      ]),
      list([
      ]),
    ),
    tuple(
      'Erinnerung an Aufgaben / Rappel des tâches',
      '''
        Guten Tag
        
        Ihre Organisation (Sarah Santiago) hat folgende Aufgaben in eBau, welche Aufmerksamkeit benötigen:
        
        - 1 überfällige Aufgabe
        - 0 ungelesene Aufgaben
        - 0 überfällige Controlling-Aufgaben
        
        http://ebau.local
        
        Diese E-Mail wurde automatisch generiert, bitte antworten Sie nicht darauf.
        
        *** version française ***
        
        Bonjour,
        
        Votre organisation (Derek Wagner) a les tâches suivantes dans eBau qui requièrent une attention particulière :
        
        - 1 tâche de contrôle en retard
        - 0 tâches de contrôle non lues
        - 0 tâches en retard
        
        http://ebau.local
        
        Ce message a été généré automatiquement, veuillez ne pas y répondre.
  
      ''',
      list([
        'nicolefields@example.com',
      ]),
      list([
      ]),
    ),
  ])
# ---
# name: test_send_work_item_reminders[True-False-True-False-False-True-1-False]
  list([
    tuple(
      'Erinnerung an Aufgaben',
      '''
        Guten Tag Rebecca Gonzalez
        
        Sie haben folgende Aufgaben in eBau, welche Ihre Aufmerksamkeit benötigen:
        
        - 1 überfällige Aufgabe
        - 0 ungelesene Aufgaben
        
        http://ebau.local
        
        Diese E-Mail wurde automatisch generiert, bitte antworten Sie nicht darauf.
  
      ''',
      list([
        'fmalone@example.org',
      ]),
      list([
      ]),
    ),
  ])
# ---
# name: test_send_work_item_reminders[True-False-True-False-False-True-1-True]
  list([
    tuple(
      'Erinnerung an Aufgaben / Rappel des tâches',
      '''
        Guten Tag Rebecca Gonzalez
        
        Sie haben folgende Aufgaben in eBau, welche Ihre Aufmerksamkeit benötigen:
        
        - 1 überfällige Aufgabe
        - 0 ungelesene Aufgaben
        
        http://ebau.local
        
        Diese E-Mail wurde automatisch generiert, bitte antworten Sie nicht darauf.
        
        *** version française ***
        
        Bonjour Rebecca Gonzalez,
        
        Vous avez les tâches suivantes dans eBau qui requièrent votre attention :
        
        - 1 tâche de contrôle en retard
        - 0 tâches de contrôle non lues
        
        http://ebau.local
        
        Ce message a été généré automatiquement, veuillez ne pas y répondre.
  
      ''',
      list([
        'fmalone@example.org',
      ]),
      list([
      ]),
    ),
  ])
# ---
# name: test_send_work_item_reminders[True-True-True-False-True-False-3-False]
  list([
    tuple(
      'Erinnerung an Aufgaben',
      '''
        Guten Tag Rebecca Gonzalez
        
        Sie haben folgende Aufgaben in eBau, welche Ihre Aufmerksamkeit benötigen:
        
        - 1 überfällige Aufgabe
        - 1 ungelesene Aufgabe
        
        http://ebau.local
        
        Diese E-Mail wurde automatisch generiert, bitte antworten Sie nicht darauf.
  
      ''',
      list([
        'fmalone@example.org',
      ]),
      list([
      ]),
    ),
    tuple(
      'Erinnerung an Aufgaben',
      '''
        Guten Tag
        
        Ihre Organisation (Jeffrey Zhang) hat folgende Aufgaben in eBau, welche Aufmerksamkeit benötigen:
        
        - 1 überfällige Aufgabe
        - 1 ungelesene Aufgabe
        - 0 überfällige Controlling-Aufgaben
        
        http://ebau.local
        
        Diese E-Mail wurde automatisch generiert, bitte antworten Sie nicht darauf.
  
      ''',
      list([
        'nicolefields@example.com',
      ]),
      list([
      ]),
    ),
    tuple(
      'Erinnerung an Aufgaben',
      '''
        Guten Tag
        
        Ihre Organisation (Jeffrey Zhang) hat folgende Aufgaben in eBau, welche Aufmerksamkeit benötigen:
        
        - 1 überfällige Aufgabe
        - 1 ungelesene Aufgabe
        - 0 überfällige Controlling-Aufgaben
        
        http://ebau.local
        
        Diese E-Mail wurde automatisch generiert, bitte antworten Sie nicht darauf.
  
      ''',
      list([
        'foo@bar.com',
      ]),
      list([
      ]),
    ),
  ])
# ---
# name: test_send_work_item_reminders[True-True-True-False-True-False-3-True]
  list([
    tuple(
      'Erinnerung an Aufgaben / Rappel des tâches',
      '''
        Guten Tag Rebecca Gonzalez
        
        Sie haben folgende Aufgaben in eBau, welche Ihre Aufmerksamkeit benötigen:
        
        - 1 überfällige Aufgabe
        - 1 ungelesene Aufgabe
        
        http://ebau.local
        
        Diese E-Mail wurde automatisch generiert, bitte antworten Sie nicht darauf.
        
        *** version française ***
        
        Bonjour Rebecca Gonzalez,
        
        Vous avez les tâches suivantes dans eBau qui requièrent votre attention :
        
        - 1 tâche de contrôle en retard
        - 1 tâche de contrôle non lue
        
        http://ebau.local
        
        Ce message a été généré automatiquement, veuillez ne pas y répondre.
  
      ''',
      list([
        'fmalone@example.org',
      ]),
      list([
      ]),
    ),
    tuple(
      'Erinnerung an Aufgaben / Rappel des tâches',
      '''
        Guten Tag
        
        Ihre Organisation (Sarah Santiago) hat folgende Aufgaben in eBau, welche Aufmerksamkeit benötigen:
        
        - 1 überfällige Aufgabe
        - 1 ungelesene Aufgabe
        - 0 überfällige Controlling-Aufgaben
        
        http://ebau.local
        
        Diese E-Mail wurde automatisch generiert, bitte antworten Sie nicht darauf.
        
        *** version française ***
        
        Bonjour,
        
        Votre organisation (Derek Wagner) a les tâches suivantes dans eBau qui requièrent une attention particulière :
        
        - 1 tâche de contrôle en retard
        - 1 tâche de contrôle non lue
        - 0 tâches en retard
        
        http://ebau.local
        
        Ce message a été généré automatiquement, veuillez ne pas y répondre.
  
      ''',
      list([
        'nicolefields@example.com',
      ]),
      list([
      ]),
    ),
    tuple(
      'Erinnerung an Aufgaben / Rappel des tâches',
      '''
        Guten Tag
        
        Ihre Organisation (Sarah Santiago) hat folgende Aufgaben in eBau, welche Aufmerksamkeit benötigen:
        
        - 1 überfällige Aufgabe
        - 1 ungelesene Aufgabe
        - 0 überfällige Controlling-Aufgaben
        
        http://ebau.local
        
        Diese E-Mail wurde automatisch generiert, bitte antworten Sie nicht darauf.
        
        *** version française ***
        
        Bonjour,
        
        Votre organisation (Derek Wagner) a les tâches suivantes dans eBau qui requièrent une attention particulière :
        
        - 1 tâche de contrôle en retard
        - 1 tâche de contrôle non lue
        - 0 tâches en retard
        
        http://ebau.local
        
        Ce message a été généré automatiquement, veuillez ne pas y répondre.
  
      ''',
      list([
        'foo@bar.com',
      ]),
      list([
      ]),
    ),
  ])
# ---
# name: test_send_work_item_reminders[True-True-True-True-False-False-3-False]
  list([
    tuple(
      'Erinnerung an Aufgaben',
      '''
        Guten Tag Rebecca Gonzalez
        
        Sie haben folgende Aufgaben in eBau, welche Ihre Aufmerksamkeit benötigen:
        
        - 1 überfällige Aufgabe
        - 1 ungelesene Aufgabe
        
        http://ebau.local
        
        Diese E-Mail wurde automatisch generiert, bitte antworten Sie nicht darauf.
  
      ''',
      list([
        'fmalone@example.org',
      ]),
      list([
      ]),
    ),
    tuple(
      'Erinnerung an Aufgaben',
      '''
        Guten Tag
        
        Ihre Organisation (Jeffrey Zhang) hat folgende Aufgaben in eBau, welche Aufmerksamkeit benötigen:
        
        - 1 überfällige Aufgabe
        - 1 ungelesene Aufgabe
        - 0 überfällige Controlling-Aufgaben
        
        http://ebau.local
        
        Diese E-Mail wurde automatisch generiert, bitte antworten Sie nicht darauf.
  
      ''',
      list([
        'nicolefields@example.com',
      ]),
      list([
      ]),
    ),
    tuple(
      'Erinnerung an Aufgaben',
      '''
        Guten Tag
        
        Ihre Organisation (Maria Fuentes) hat folgende Aufgaben in eBau, welche Aufmerksamkeit benötigen:
        
        - 0 überfällige Aufgaben
        - 0 ungelesene Aufgaben
        - 1 überfällige Controlling-Aufgabe
        
        http://ebau.local
        
        Diese E-Mail wurde automatisch generiert, bitte antworten Sie nicht darauf.
  
      ''',
      list([
        'calebsoto@example.net',
      ]),
      list([
      ]),
    ),
  ])
# ---
# name: test_send_work_item_reminders[True-True-True-True-False-False-3-True]
  list([
    tuple(
      'Erinnerung an Aufgaben / Rappel des tâches',
      '''
        Guten Tag Rebecca Gonzalez
        
        Sie haben folgende Aufgaben in eBau, welche Ihre Aufmerksamkeit benötigen:
        
        - 1 überfällige Aufgabe
        - 1 ungelesene Aufgabe
        
        http://ebau.local
        
        Diese E-Mail wurde automatisch generiert, bitte antworten Sie nicht darauf.
        
        *** version française ***
        
        Bonjour Rebecca Gonzalez,
        
        Vous avez les tâches suivantes dans eBau qui requièrent votre attention :
        
        - 1 tâche de contrôle en retard
        - 1 tâche de contrôle non lue
        
        http://ebau.local
        
        Ce message a été généré automatiquement, veuillez ne pas y répondre.
  
      ''',
      list([
        'fmalone@example.org',
      ]),
      list([
      ]),
    ),
    tuple(
      'Erinnerung an Aufgaben / Rappel des tâches',
      '''
        Guten Tag
        
        Ihre Organisation (Sarah Santiago) hat folgende Aufgaben in eBau, welche Aufmerksamkeit benötigen:
        
        - 1 überfällige Aufgabe
        - 1 ungelesene Aufgabe
        - 0 überfällige Controlling-Aufgaben
        
        http://ebau.local
        
        Diese E-Mail wurde automatisch generiert, bitte antworten Sie nicht darauf.
        
        *** version française ***
        
        Bonjour,
        
        Votre organisation (Derek Wagner) a les tâches suivantes dans eBau qui requièrent une attention particulière :
        
        - 1 tâche de contrôle en retard
        - 1 tâche de contrôle non lue
        - 0 tâches en retard
        
        http://ebau.local
        
        Ce message a été généré automatiquement, veuillez ne pas y répondre.
  
      ''',
      list([
        'nicolefields@example.com',
      ]),
      list([
      ]),
    ),
    tuple(
      'Erinnerung an Aufgaben / Rappel des tâches',
      '''
        Guten Tag
        
        Ihre Organisation (Ana Schneider) hat folgende Aufgaben in eBau, welche Aufmerksamkeit benötigen:
        
        - 0 überfällige Aufgaben
        - 0 ungelesene Aufgaben
        - 1 überfällige Controlling-Aufgabe
        
        http://ebau.local
        
        Diese E-Mail wurde automatisch generiert, bitte antworten Sie nicht darauf.
        
        *** version française ***
        
        Bonjour,
        
        Votre organisation (Brandi Vargas) a les tâches suivantes dans eBau qui requièrent une attention particulière :
        
        - 0 tâches de contrôle en retard
        - 0 tâches de contrôle non lues
        - 1 tâche en retard
        
        http://ebau.local
        
        Ce message a été généré automatiquement, veuillez ne pas y répondre.
  
      ''',
      list([
        'calebsoto@example.net',
      ]),
      list([
      ]),
    ),
  ])
# ---
# name: test_send_work_item_reminders[True-True-True-True-False-True-2-False]
  list([
    tuple(
      'Erinnerung an Aufgaben',
      '''
        Guten Tag Rebecca Gonzalez
        
        Sie haben folgende Aufgaben in eBau, welche Ihre Aufmerksamkeit benötigen:
        
        - 1 überfällige Aufgabe
        - 1 ungelesene Aufgabe
        
        http://ebau.local
        
        Diese E-Mail wurde automatisch generiert, bitte antworten Sie nicht darauf.
  
      ''',
      list([
        'fmalone@example.org',
      ]),
      list([
      ]),
    ),
    tuple(
      'Erinnerung an Aufgaben',
      '''
        Guten Tag
        
        Ihre Organisation (Maria Fuentes) hat folgende Aufgaben in eBau, welche Aufmerksamkeit benötigen:
        
        - 0 überfällige Aufgaben
        - 0 ungelesene Aufgaben
        - 1 überfällige Controlling-Aufgabe
        
        http://ebau.local
        
        Diese E-Mail wurde automatisch generiert, bitte antworten Sie nicht darauf.
  
      ''',
      list([
        'calebsoto@example.net',
      ]),
      list([
      ]),
    ),
  ])
# ---
# name: test_send_work_item_reminders[True-True-True-True-False-True-2-True]
  list([
    tuple(
      'Erinnerung an Aufgaben / Rappel des tâches',
      '''
        Guten Tag Rebecca Gonzalez
        
        Sie haben folgende Aufgaben in eBau, welche Ihre Aufmerksamkeit benötigen:
        
        - 1 überfällige Aufgabe
        - 1 ungelesene Aufgabe
        
        http://ebau.local
        
        Diese E-Mail wurde automatisch generiert, bitte antworten Sie nicht darauf.
        
        *** version française ***
        
        Bonjour Rebecca Gonzalez,
        
        Vous avez les tâches suivantes dans eBau qui requièrent votre attention :
        
        - 1 tâche de contrôle en retard
        - 1 tâche de contrôle non lue
        
        http://ebau.local
        
        Ce message a été généré automatiquement, veuillez ne pas y répondre.
  
      ''',
      list([
        'fmalone@example.org',
      ]),
      list([
      ]),
    ),
    tuple(
      'Erinnerung an Aufgaben / Rappel des tâches',
      '''
        Guten Tag
        
        Ihre Organisation (Ana Schneider) hat folgende Aufgaben in eBau, welche Aufmerksamkeit benötigen:
        
        - 0 überfällige Aufgaben
        - 0 ungelesene Aufgaben
        - 1 überfällige Controlling-Aufgabe
        
        http://ebau.local
        
        Diese E-Mail wurde automatisch generiert, bitte antworten Sie nicht darauf.
        
        *** version française ***
        
        Bonjour,
        
        Votre organisation (Brandi Vargas) a les tâches suivantes dans eBau qui requièrent une attention particulière :
        
        - 0 tâches de contrôle en retard
        - 0 tâches de contrôle non lues
        - 1 tâche en retard
        
        http://ebau.local
        
        Ce message a été généré automatiquement, veuillez ne pas y répondre.
  
      ''',
      list([
        'calebsoto@example.net',
      ]),
      list([
      ]),
    ),
  ])
# ---
